
> ignitera@0.1.0 dev
> next dev

   ▲ Next.js 14.1.0
   - Local:        http://localhost:3000
   - Environments: .env.local

 ✓ Ready in 3.7s
 ○ Compiling /src/middleware ...
 ✓ Compiled /src/middleware in 1629ms (180 modules)
 ○ Compiling /company/onboarding ...
 ✓ Compiled /company/onboarding in 12.7s (1786 modules)

 ⚠ metadata.metadataBase is not set for resolving social open graph or twitter images, using "http://localhost:3000". See https://nextjs.org/docs/app/api-reference/functions/generate-metadata#metadatabase
 ✓ Compiled in 1268ms (800 modules)
 ✓ Compiled in 356ms (786 modules)
<w> [webpack.cache.PackFileCacheStrategy] Serializing big strings (212kiB) impacts deserialization performance (consider using Buffer instead and decode when needed)
 ○ Compiling /dashboard ...
 ✓ Compiled /dashboard in 2.4s (1789 modules)

 ⚠ metadata.metadataBase is not set for resolving social open graph or twitter images, using "http://localhost:3000". See https://nextjs.org/docs/app/api-reference/functions/generate-metadata#metadatabase
 ○ Compiling / ...
 ✓ Compiled / in 1426ms (1799 modules)

 ⚠ metadata.metadataBase is not set for resolving social open graph or twitter images, using "http://localhost:3000". See https://nextjs.org/docs/app/api-reference/functions/generate-metadata#metadatabase
 ○ Compiling /enterprise ...
 ✓ Compiled /enterprise in 3.5s (1865 modules)

 ⚠ metadata.metadataBase is not set for resolving social open graph or twitter images, using "http://localhost:3000". See https://nextjs.org/docs/app/api-reference/functions/generate-metadata#metadatabase
 ✓ Compiled in 6.6s (1881 modules)

 ⚠ metadata.metadataBase is not set for resolving social open graph or twitter images, using "http://localhost:3000". See https://nextjs.org/docs/app/api-reference/functions/generate-metadata#metadatabase
 ○ Compiling /not-found ...
 ✓ Compiled /not-found in 5.1s (1885 modules)
 ⨯ Error: Cannot find module './364.js'
Require stack:
- C:\Users\keike\OneDrive\制作物\g\ignitera\.next\server\webpack-runtime.js
- C:\Users\keike\OneDrive\制作物\g\ignitera\.next\server\app\company\onboarding\page.js
- C:\Users\keike\OneDrive\制作物\g\ignitera\node_modules\next\dist\server\require.js
- C:\Users\keike\OneDrive\制作物\g\ignitera\node_modules\next\dist\server\load-components.js
- C:\Users\keike\OneDrive\制作物\g\ignitera\node_modules\next\dist\build\utils.js
- C:\Users\keike\OneDrive\制作物\g\ignitera\node_modules\next\dist\server\dev\hot-middleware.js
- C:\Users\keike\OneDrive\制作物\g\ignitera\node_modules\next\dist\server\dev\hot-reloader-webpack.js
- C:\Users\keike\OneDrive\制作物\g\ignitera\node_modules\next\dist\server\lib\router-utils\setup-dev-bundler.js
- C:\Users\keike\OneDrive\制作物\g\ignitera\node_modules\next\dist\server\lib\router-server.js
- C:\Users\keike\OneDrive\制作物\g\ignitera\node_modules\next\dist\server\lib\start-server.js
    at Module.<anonymous> (node:internal/modules/cjs/loader:1448:15)
    at C:\Users\keike\OneDrive\制作物\g\ignitera\node_modules\next\dist\server\require-hook.js:55:36
    at defaultResolveImpl (node:internal/modules/cjs/loader:1059:19)
    at resolveForCJSWithHooks (node:internal/modules/cjs/loader:1064:22)
    at Module._load (node:internal/modules/cjs/loader:1234:25)
    at TracingChannel.traceSync (node:diagnostics_channel:328:14)
    at wrapModuleLoad (node:internal/modules/cjs/loader:245:24)
    at Module.<anonymous> (node:internal/modules/cjs/loader:1548:12)
    at mod.require (C:\Users\keike\OneDrive\制作物\g\ignitera\node_modules\next\dist\server\require-hook.js:65:28)
    at require (node:internal/modules/helpers:152:16)
    at __webpack_require__.f.require (C:\Users\keike\OneDrive\制作物\g\ignitera\.next\server\webpack-runtime.js:198:28)
    at C:\Users\keike\OneDrive\制作物\g\ignitera\.next\server\webpack-runtime.js:111:40
    at Array.reduce (<anonymous>)
    at __webpack_require__.e (C:\Users\keike\OneDrive\制作物\g\ignitera\.next\server\webpack-runtime.js:110:67)
    at Array.map (<anonymous>)
    at __webpack_require__.X (C:\Users\keike\OneDrive\制作物\g\ignitera\.next\server\webpack-runtime.js:162:22)
    at C:\Users\keike\OneDrive\制作物\g\ignitera\.next\server\app\company\onboarding\page.js:26:13234
    at Object.<anonymous> (C:\Users\keike\OneDrive\制作物\g\ignitera\.next\server\app\company\onboarding\page.js:26:13284)
    at Module._compile (node:internal/modules/cjs/loader:1804:14)
    at Object..js (node:internal/modules/cjs/loader:1936:10)
    at Module.load (node:internal/modules/cjs/loader:1525:32)
    at Module._load (node:internal/modules/cjs/loader:1327:12)
    at TracingChannel.traceSync (node:diagnostics_channel:328:14)
    at wrapModuleLoad (node:internal/modules/cjs/loader:245:24)
    at Module.<anonymous> (node:internal/modules/cjs/loader:1548:12)
    at mod.require (C:\Users\keike\OneDrive\制作物\g\ignitera\node_modules\next\dist\server\require-hook.js:65:28)
    at require (node:internal/modules/helpers:152:16)
    at requirePage (C:\Users\keike\OneDrive\制作物\g\ignitera\node_modules\next\dist\server\require.js:109:84)
    at C:\Users\keike\OneDrive\制作物\g\ignitera\node_modules\next\dist\server\load-components.js:74:84
    at async loadComponentsImpl (C:\Users\keike\OneDrive\制作物\g\ignitera\node_modules\next\dist\server\load-components.js:74:26)
    at async DevServer.findPageComponentsImpl (C:\Users\keike\OneDrive\制作物\g\ignitera\node_modules\next\dist\server\next-server.js:675:36) {
  code: 'MODULE_NOT_FOUND',
  requireStack: [
    'C:\\Users\\keike\\OneDrive\\制作物\\g\\ignitera\\.next\\server\\webpack-runtime.js',
    'C:\\Users\\keike\\OneDrive\\制作物\\g\\ignitera\\.next\\server\\app\\company\\onboarding\\page.js',
    'C:\\Users\\keike\\OneDrive\\制作物\\g\\ignitera\\node_modules\\next\\dist\\server\\require.js',
    'C:\\Users\\keike\\OneDrive\\制作物\\g\\ignitera\\node_modules\\next\\dist\\server\\load-components.js',
    'C:\\Users\\keike\\OneDrive\\制作物\\g\\ignitera\\node_modules\\next\\dist\\build\\utils.js',
    'C:\\Users\\keike\\OneDrive\\制作物\\g\\ignitera\\node_modules\\next\\dist\\server\\dev\\hot-middleware.js',
    'C:\\Users\\keike\\OneDrive\\制作物\\g\\ignitera\\node_modules\\next\\dist\\server\\dev\\hot-reloader-webpack.js',
    'C:\\Users\\keike\\OneDrive\\制作物\\g\\ignitera\\node_modules\\next\\dist\\server\\lib\\router-utils\\setup-dev-bundler.js',
    'C:\\Users\\keike\\OneDrive\\制作物\\g\\ignitera\\node_modules\\next\\dist\\server\\lib\\router-server.js',
    'C:\\Users\\keike\\OneDrive\\制作物\\g\\ignitera\\node_modules\\next\\dist\\server\\lib\\start-server.js'
  ],
  page: '/company/onboarding'
}

 ⚠ metadata.metadataBase is not set for resolving social open graph or twitter images, using "http://localhost:3000". See https://nextjs.org/docs/app/api-reference/functions/generate-metadata#metadatabase
 ○ Compiling /_error ...
 ⨯ Error: Cannot find module './364.js'
Require stack:
- C:\Users\keike\OneDrive\制作物\g\ignitera\.next\server\webpack-runtime.js
- C:\Users\keike\OneDrive\制作物\g\ignitera\.next\server\app\company\onboarding\page.js
- C:\Users\keike\OneDrive\制作物\g\ignitera\node_modules\next\dist\server\require.js
- C:\Users\keike\OneDrive\制作物\g\ignitera\node_modules\next\dist\server\load-components.js
- C:\Users\keike\OneDrive\制作物\g\ignitera\node_modules\next\dist\build\utils.js
- C:\Users\keike\OneDrive\制作物\g\ignitera\node_modules\next\dist\server\dev\hot-middleware.js
- C:\Users\keike\OneDrive\制作物\g\ignitera\node_modules\next\dist\server\dev\hot-reloader-webpack.js
- C:\Users\keike\OneDrive\制作物\g\ignitera\node_modules\next\dist\server\lib\router-utils\setup-dev-bundler.js
- C:\Users\keike\OneDrive\制作物\g\ignitera\node_modules\next\dist\server\lib\router-server.js
- C:\Users\keike\OneDrive\制作物\g\ignitera\node_modules\next\dist\server\lib\start-server.js
    at Module.<anonymous> (node:internal/modules/cjs/loader:1448:15)
    at C:\Users\keike\OneDrive\制作物\g\ignitera\node_modules\next\dist\server\require-hook.js:55:36
    at defaultResolveImpl (node:internal/modules/cjs/loader:1059:19)
    at resolveForCJSWithHooks (node:internal/modules/cjs/loader:1064:22)
    at Module._load (node:internal/modules/cjs/loader:1234:25)
    at TracingChannel.traceSync (node:diagnostics_channel:328:14)
    at wrapModuleLoad (node:internal/modules/cjs/loader:245:24)
    at Module.<anonymous> (node:internal/modules/cjs/loader:1548:12)
    at mod.require (C:\Users\keike\OneDrive\制作物\g\ignitera\node_modules\next\dist\server\require-hook.js:65:28)
    at require (node:internal/modules/helpers:152:16)
    at __webpack_require__.f.require (C:\Users\keike\OneDrive\制作物\g\ignitera\.next\server\webpack-runtime.js:198:28)
    at C:\Users\keike\OneDrive\制作物\g\ignitera\.next\server\webpack-runtime.js:111:40
    at Array.reduce (<anonymous>)
    at __webpack_require__.e (C:\Users\keike\OneDrive\制作物\g\ignitera\.next\server\webpack-runtime.js:110:67)
    at Array.map (<anonymous>)
    at __webpack_require__.X (C:\Users\keike\OneDrive\制作物\g\ignitera\.next\server\webpack-runtime.js:162:22)
    at C:\Users\keike\OneDrive\制作物\g\ignitera\.next\server\app\company\onboarding\page.js:26:13234
    at Object.<anonymous> (C:\Users\keike\OneDrive\制作物\g\ignitera\.next\server\app\company\onboarding\page.js:26:13284)
    at Module._compile (node:internal/modules/cjs/loader:1804:14)
    at Object..js (node:internal/modules/cjs/loader:1936:10)
    at Module.load (node:internal/modules/cjs/loader:1525:32)
    at Module._load (node:internal/modules/cjs/loader:1327:12)
    at TracingChannel.traceSync (node:diagnostics_channel:328:14)
    at wrapModuleLoad (node:internal/modules/cjs/loader:245:24)
    at Module.<anonymous> (node:internal/modules/cjs/loader:1548:12)
    at mod.require (C:\Users\keike\OneDrive\制作物\g\ignitera\node_modules\next\dist\server\require-hook.js:65:28)
    at require (node:internal/modules/helpers:152:16)
    at requirePage (C:\Users\keike\OneDrive\制作物\g\ignitera\node_modules\next\dist\server\require.js:109:84)
    at C:\Users\keike\OneDrive\制作物\g\ignitera\node_modules\next\dist\server\load-components.js:74:84
    at async loadComponentsImpl (C:\Users\keike\OneDrive\制作物\g\ignitera\node_modules\next\dist\server\load-components.js:74:26)
    at async DevServer.findPageComponentsImpl (C:\Users\keike\OneDrive\制作物\g\ignitera\node_modules\next\dist\server\next-server.js:675:36) {
  code: 'MODULE_NOT_FOUND',
  requireStack: [
    'C:\\Users\\keike\\OneDrive\\制作物\\g\\ignitera\\.next\\server\\webpack-runtime.js',
    'C:\\Users\\keike\\OneDrive\\制作物\\g\\ignitera\\.next\\server\\app\\company\\onboarding\\page.js',
    'C:\\Users\\keike\\OneDrive\\制作物\\g\\ignitera\\node_modules\\next\\dist\\server\\require.js',
    'C:\\Users\\keike\\OneDrive\\制作物\\g\\ignitera\\node_modules\\next\\dist\\server\\load-components.js',
    'C:\\Users\\keike\\OneDrive\\制作物\\g\\ignitera\\node_modules\\next\\dist\\build\\utils.js',
    'C:\\Users\\keike\\OneDrive\\制作物\\g\\ignitera\\node_modules\\next\\dist\\server\\dev\\hot-middleware.js',
    'C:\\Users\\keike\\OneDrive\\制作物\\g\\ignitera\\node_modules\\next\\dist\\server\\dev\\hot-reloader-webpack.js',
    'C:\\Users\\keike\\OneDrive\\制作物\\g\\ignitera\\node_modules\\next\\dist\\server\\lib\\router-utils\\setup-dev-bundler.js',
    'C:\\Users\\keike\\OneDrive\\制作物\\g\\ignitera\\node_modules\\next\\dist\\server\\lib\\router-server.js',
    'C:\\Users\\keike\\OneDrive\\制作物\\g\\ignitera\\node_modules\\next\\dist\\server\\lib\\start-server.js'
  ],
  page: '/company/onboarding'
}
 ⨯ Error: Cannot find module './364.js'
Require stack:
- C:\Users\keike\OneDrive\制作物\g\ignitera\.next\server\webpack-runtime.js
- C:\Users\keike\OneDrive\制作物\g\ignitera\.next\server\app\company\onboarding\page.js
- C:\Users\keike\OneDrive\制作物\g\ignitera\node_modules\next\dist\server\require.js
- C:\Users\keike\OneDrive\制作物\g\ignitera\node_modules\next\dist\server\load-components.js
- C:\Users\keike\OneDrive\制作物\g\ignitera\node_modules\next\dist\build\utils.js
- C:\Users\keike\OneDrive\制作物\g\ignitera\node_modules\next\dist\server\dev\hot-middleware.js
- C:\Users\keike\OneDrive\制作物\g\ignitera\node_modules\next\dist\server\dev\hot-reloader-webpack.js
- C:\Users\keike\OneDrive\制作物\g\ignitera\node_modules\next\dist\server\lib\router-utils\setup-dev-bundler.js
- C:\Users\keike\OneDrive\制作物\g\ignitera\node_modules\next\dist\server\lib\router-server.js
- C:\Users\keike\OneDrive\制作物\g\ignitera\node_modules\next\dist\server\lib\start-server.js
    at Module.<anonymous> (node:internal/modules/cjs/loader:1448:15)
    at C:\Users\keike\OneDrive\制作物\g\ignitera\node_modules\next\dist\server\require-hook.js:55:36
    at defaultResolveImpl (node:internal/modules/cjs/loader:1059:19)
    at resolveForCJSWithHooks (node:internal/modules/cjs/loader:1064:22)
    at Module._load (node:internal/modules/cjs/loader:1234:25)
    at TracingChannel.traceSync (node:diagnostics_channel:328:14)
    at wrapModuleLoad (node:internal/modules/cjs/loader:245:24)
    at Module.<anonymous> (node:internal/modules/cjs/loader:1548:12)
    at mod.require (C:\Users\keike\OneDrive\制作物\g\ignitera\node_modules\next\dist\server\require-hook.js:65:28)
    at require (node:internal/modules/helpers:152:16)
    at __webpack_require__.f.require (C:\Users\keike\OneDrive\制作物\g\ignitera\.next\server\webpack-runtime.js:198:28)
    at C:\Users\keike\OneDrive\制作物\g\ignitera\.next\server\webpack-runtime.js:111:40
    at Array.reduce (<anonymous>)
    at __webpack_require__.e (C:\Users\keike\OneDrive\制作物\g\ignitera\.next\server\webpack-runtime.js:110:67)
    at Array.map (<anonymous>)
    at __webpack_require__.X (C:\Users\keike\OneDrive\制作物\g\ignitera\.next\server\webpack-runtime.js:162:22)
    at C:\Users\keike\OneDrive\制作物\g\ignitera\.next\server\app\company\onboarding\page.js:26:13234
    at Object.<anonymous> (C:\Users\keike\OneDrive\制作物\g\ignitera\.next\server\app\company\onboarding\page.js:26:13284)
    at Module._compile (node:internal/modules/cjs/loader:1804:14)
    at Object..js (node:internal/modules/cjs/loader:1936:10)
    at Module.load (node:internal/modules/cjs/loader:1525:32)
    at Module._load (node:internal/modules/cjs/loader:1327:12)
    at TracingChannel.traceSync (node:diagnostics_channel:328:14)
    at wrapModuleLoad (node:internal/modules/cjs/loader:245:24)
    at Module.<anonymous> (node:internal/modules/cjs/loader:1548:12)
    at mod.require (C:\Users\keike\OneDrive\制作物\g\ignitera\node_modules\next\dist\server\require-hook.js:65:28)
    at require (node:internal/modules/helpers:152:16)
    at requirePage (C:\Users\keike\OneDrive\制作物\g\ignitera\node_modules\next\dist\server\require.js:109:84)
    at C:\Users\keike\OneDrive\制作物\g\ignitera\node_modules\next\dist\server\load-components.js:74:84
    at async loadComponentsImpl (C:\Users\keike\OneDrive\制作物\g\ignitera\node_modules\next\dist\server\load-components.js:74:26)
    at async DevServer.findPageComponentsImpl (C:\Users\keike\OneDrive\制作物\g\ignitera\node_modules\next\dist\server\next-server.js:675:36) {
  code: 'MODULE_NOT_FOUND',
  requireStack: [
    'C:\\Users\\keike\\OneDrive\\制作物\\g\\ignitera\\.next\\server\\webpack-runtime.js',
    'C:\\Users\\keike\\OneDrive\\制作物\\g\\ignitera\\.next\\server\\app\\company\\onboarding\\page.js',
    'C:\\Users\\keike\\OneDrive\\制作物\\g\\ignitera\\node_modules\\next\\dist\\server\\require.js',
    'C:\\Users\\keike\\OneDrive\\制作物\\g\\ignitera\\node_modules\\next\\dist\\server\\load-components.js',
    'C:\\Users\\keike\\OneDrive\\制作物\\g\\ignitera\\node_modules\\next\\dist\\build\\utils.js',
    'C:\\Users\\keike\\OneDrive\\制作物\\g\\ignitera\\node_modules\\next\\dist\\server\\dev\\hot-middleware.js',
    'C:\\Users\\keike\\OneDrive\\制作物\\g\\ignitera\\node_modules\\next\\dist\\server\\dev\\hot-reloader-webpack.js',
    'C:\\Users\\keike\\OneDrive\\制作物\\g\\ignitera\\node_modules\\next\\dist\\server\\lib\\router-utils\\setup-dev-bundler.js',
    'C:\\Users\\keike\\OneDrive\\制作物\\g\\ignitera\\node_modules\\next\\dist\\server\\lib\\router-server.js',
    'C:\\Users\\keike\\OneDrive\\制作物\\g\\ignitera\\node_modules\\next\\dist\\server\\lib\\start-server.js'
  ],
  page: '/company/onboarding'
}
 ⚠ Fast Refresh had to perform a full reload. Read more: https://nextjs.org/docs/messages/fast-refresh-reload
 ✓ Compiled /_error in 6.7s (2033 modules)
 ⚠ Fast Refresh had to perform a full reload. Read more: https://nextjs.org/docs/messages/fast-refresh-reload

 ⚠ metadata.metadataBase is not set for resolving social open graph or twitter images, using "http://localhost:3000". See https://nextjs.org/docs/app/api-reference/functions/generate-metadata#metadatabase
<w> [webpack.cache.PackFileCacheStrategy] Caching failed for pack: Error: ENOENT: no such file or directory, lstat 'C:\Users\keike\OneDrive\制作物\g\ignitera\.next\server\vendor-chunks\iceberg-js.js'
<w> [webpack.cache.PackFileCacheStrategy/webpack.FileSystemInfo] Resolving './vendor-chunks/iceberg-js' in C:\Users\keike\OneDrive\制作物\g\ignitera\.next\server for build dependencies doesn't lead to expected result 'C:\Users\keike\OneDrive\制作物\g\ignitera\.next\server\vendor-chunks\iceberg-js.js', but to 'Error: Can't resolve './vendor-chunks/iceberg-js' in 'C:\Users\keike\OneDrive\制作物\g\ignitera\.next\server'' instead. Resolving dependencies are ignored for this path.
<w>  at resolve commonjs file ./vendor-chunks/iceberg-js (expected C:\Users\keike\OneDrive\制作物\g\ignitera\.next\server\vendor-chunks\iceberg-js.js)
<w>  at file dependencies C:\Users\keike\OneDrive\制作物\g\ignitera\.next\server\webpack-runtime.js
<w>  at file C:\Users\keike\OneDrive\制作物\g\ignitera\.next\server\webpack-runtime.js
<w>  at file dependencies C:\Users\keike\OneDrive\制作物\g\ignitera\.next\server\app\page.js
<w>  at file C:\Users\keike\OneDrive\制作物\g\ignitera\.next\server\app\page.js
<w>  at file dependencies C:\Users\keike\OneDrive\制作物\g\ignitera\node_modules\next\dist\server\require.js
<w>  at file C:\Users\keike\OneDrive\制作物\g\ignitera\node_modules\next\dist\server\require.js
<w>  at file dependencies C:\Users\keike\OneDrive\制作物\g\ignitera\node_modules\next\dist\server\load-components.js
<w>  at file C:\Users\keike\OneDrive\制作物\g\ignitera\node_modules\next\dist\server\load-components.js
<w>  at file dependencies C:\Users\keike\OneDrive\制作物\g\ignitera\node_modules\next\dist\build\utils.js
<w>  at file C:\Users\keike\OneDrive\制作物\g\ignitera\node_modules\next\dist\build\utils.js
<w>  at file dependencies C:\Users\keike\OneDrive\制作物\g\ignitera\node_modules\next\dist\build\worker.js
<w>  at file C:\Users\keike\OneDrive\制作物\g\ignitera\node_modules\next\dist\build\worker.js
<w>  at file dependencies C:\Users\keike\OneDrive\制作物\g\ignitera\node_modules\next\dist\build\webpack\loaders\next-route-loader\index.js
<w>  at file C:\Users\keike\OneDrive\制作物\g\ignitera\node_modules\next\dist\build\webpack\loaders\next-route-loader\index.js
<w>  at resolve commonjs C:\Users\keike\OneDrive\制作物\g\ignitera\node_modules\next\dist\build\webpack\loaders\next-route-loader\index.js
<w> [webpack.cache.PackFileCacheStrategy/webpack.FileSystemInfo] Resolving './vendor-chunks/tslib' in C:\Users\keike\OneDrive\制作物\g\ignitera\.next\server for build dependencies doesn't lead to expected result 'C:\Users\keike\OneDrive\制作物\g\ignitera\.next\server\vendor-chunks\tslib.js', but to 'Error: Can't resolve './vendor-chunks/tslib' in 'C:\Users\keike\OneDrive\制作物\g\ignitera\.next\server'' instead. Resolving dependencies are ignored for this path.
<w>  at resolve commonjs file ./vendor-chunks/tslib (expected C:\Users\keike\OneDrive\制作物\g\ignitera\.next\server\vendor-chunks\tslib.js)
<w>  at file dependencies C:\Users\keike\OneDrive\制作物\g\ignitera\.next\server\webpack-runtime.js
<w>  at file C:\Users\keike\OneDrive\制作物\g\ignitera\.next\server\webpack-runtime.js
<w>  at file dependencies C:\Users\keike\OneDrive\制作物\g\ignitera\.next\server\app\page.js
<w>  at file C:\Users\keike\OneDrive\制作物\g\ignitera\.next\server\app\page.js
<w>  at file dependencies C:\Users\keike\OneDrive\制作物\g\ignitera\node_modules\next\dist\server\require.js
<w>  at file C:\Users\keike\OneDrive\制作物\g\ignitera\node_modules\next\dist\server\require.js
<w>  at file dependencies C:\Users\keike\OneDrive\制作物\g\ignitera\node_modules\next\dist\server\load-components.js
<w>  at file C:\Users\keike\OneDrive\制作物\g\ignitera\node_modules\next\dist\server\load-components.js
<w>  at file dependencies C:\Users\keike\OneDrive\制作物\g\ignitera\node_modules\next\dist\build\utils.js
<w>  at file C:\Users\keike\OneDrive\制作物\g\ignitera\node_modules\next\dist\build\utils.js
<w>  at file dependencies C:\Users\keike\OneDrive\制作物\g\ignitera\node_modules\next\dist\build\worker.js
<w>  at file C:\Users\keike\OneDrive\制作物\g\ignitera\node_modules\next\dist\build\worker.js
<w>  at file dependencies C:\Users\keike\OneDrive\制作物\g\ignitera\node_modules\next\dist\build\webpack\loaders\next-route-loader\index.js
<w>  at file C:\Users\keike\OneDrive\制作物\g\ignitera\node_modules\next\dist\build\webpack\loaders\next-route-loader\index.js
<w>  at resolve commonjs C:\Users\keike\OneDrive\制作物\g\ignitera\node_modules\next\dist\build\webpack\loaders\next-route-loader\index.js
<w> [webpack.cache.PackFileCacheStrategy/webpack.FileSystemInfo] Resolving './vendor-chunks/@supabase' in C:\Users\keike\OneDrive\制作物\g\ignitera\.next\server for build dependencies doesn't lead to expected result 'C:\Users\keike\OneDrive\制作物\g\ignitera\.next\server\vendor-chunks\@supabase.js', but to 'Error: Can't resolve './vendor-chunks/@supabase' in 'C:\Users\keike\OneDrive\制作物\g\ignitera\.next\server'' instead. Resolving dependencies are ignored for this path.
<w>  at resolve commonjs file ./vendor-chunks/@supabase (expected C:\Users\keike\OneDrive\制作物\g\ignitera\.next\server\vendor-chunks\@supabase.js)
<w>  at file dependencies C:\Users\keike\OneDrive\制作物\g\ignitera\.next\server\webpack-runtime.js
<w>  at file C:\Users\keike\OneDrive\制作物\g\ignitera\.next\server\webpack-runtime.js
<w>  at file dependencies C:\Users\keike\OneDrive\制作物\g\ignitera\.next\server\app\page.js
<w>  at file C:\Users\keike\OneDrive\制作物\g\ignitera\.next\server\app\page.js
<w>  at file dependencies C:\Users\keike\OneDrive\制作物\g\ignitera\node_modules\next\dist\server\require.js
<w>  at file C:\Users\keike\OneDrive\制作物\g\ignitera\node_modules\next\dist\server\require.js
<w>  at file dependencies C:\Users\keike\OneDrive\制作物\g\ignitera\node_modules\next\dist\server\load-components.js
<w>  at file C:\Users\keike\OneDrive\制作物\g\ignitera\node_modules\next\dist\server\load-components.js
<w>  at file dependencies C:\Users\keike\OneDrive\制作物\g\ignitera\node_modules\next\dist\build\utils.js
<w>  at file C:\Users\keike\OneDrive\制作物\g\ignitera\node_modules\next\dist\build\utils.js
<w>  at file dependencies C:\Users\keike\OneDrive\制作物\g\ignitera\node_modules\next\dist\build\worker.js
<w>  at file C:\Users\keike\OneDrive\制作物\g\ignitera\node_modules\next\dist\build\worker.js
<w>  at file dependencies C:\Users\keike\OneDrive\制作物\g\ignitera\node_modules\next\dist\build\webpack\loaders\next-route-loader\index.js
<w>  at file C:\Users\keike\OneDrive\制作物\g\ignitera\node_modules\next\dist\build\webpack\loaders\next-route-loader\index.js
<w>  at resolve commonjs C:\Users\keike\OneDrive\制作物\g\ignitera\node_modules\next\dist\build\webpack\loaders\next-route-loader\index.js
<w> [webpack.cache.PackFileCacheStrategy/webpack.FileSystemInfo] Resolving './vendor-chunks/motion-utils' in C:\Users\keike\OneDrive\制作物\g\ignitera\.next\server for build dependencies doesn't lead to expected result 'C:\Users\keike\OneDrive\制作物\g\ignitera\.next\server\vendor-chunks\motion-utils.js', but to 'Error: Can't resolve './vendor-chunks/motion-utils' in 'C:\Users\keike\OneDrive\制作物\g\ignitera\.next\server'' instead. Resolving dependencies are ignored for this path.
<w>  at resolve commonjs file ./vendor-chunks/motion-utils (expected C:\Users\keike\OneDrive\制作物\g\ignitera\.next\server\vendor-chunks\motion-utils.js)
<w>  at file dependencies C:\Users\keike\OneDrive\制作物\g\ignitera\.next\server\webpack-runtime.js
<w>  at file C:\Users\keike\OneDrive\制作物\g\ignitera\.next\server\webpack-runtime.js
<w>  at file dependencies C:\Users\keike\OneDrive\制作物\g\ignitera\.next\server\app\page.js
<w>  at file C:\Users\keike\OneDrive\制作物\g\ignitera\.next\server\app\page.js
<w>  at file dependencies C:\Users\keike\OneDrive\制作物\g\ignitera\node_modules\next\dist\server\require.js
<w>  at file C:\Users\keike\OneDrive\制作物\g\ignitera\node_modules\next\dist\server\require.js
<w>  at file dependencies C:\Users\keike\OneDrive\制作物\g\ignitera\node_modules\next\dist\server\load-components.js
<w>  at file C:\Users\keike\OneDrive\制作物\g\ignitera\node_modules\next\dist\server\load-components.js
<w>  at file dependencies C:\Users\keike\OneDrive\制作物\g\ignitera\node_modules\next\dist\build\utils.js
<w>  at file C:\Users\keike\OneDrive\制作物\g\ignitera\node_modules\next\dist\build\utils.js
<w>  at file dependencies C:\Users\keike\OneDrive\制作物\g\ignitera\node_modules\next\dist\build\worker.js
<w>  at file C:\Users\keike\OneDrive\制作物\g\ignitera\node_modules\next\dist\build\worker.js
<w>  at file dependencies C:\Users\keike\OneDrive\制作物\g\ignitera\node_modules\next\dist\build\webpack\loaders\next-route-loader\index.js
<w>  at file C:\Users\keike\OneDrive\制作物\g\ignitera\node_modules\next\dist\build\webpack\loaders\next-route-loader\index.js
<w>  at resolve commonjs C:\Users\keike\OneDrive\制作物\g\ignitera\node_modules\next\dist\build\webpack\loaders\next-route-loader\index.js
<w> [webpack.cache.PackFileCacheStrategy/webpack.FileSystemInfo] Resolving './vendor-chunks/dequal' in C:\Users\keike\OneDrive\制作物\g\ignitera\.next\server for build dependencies doesn't lead to expected result 'C:\Users\keike\OneDrive\制作物\g\ignitera\.next\server\vendor-chunks\dequal.js', but to 'Error: Can't resolve './vendor-chunks/dequal' in 'C:\Users\keike\OneDrive\制作物\g\ignitera\.next\server'' instead. Resolving dependencies are ignored for this path.
<w>  at resolve commonjs file ./vendor-chunks/dequal (expected C:\Users\keike\OneDrive\制作物\g\ignitera\.next\server\vendor-chunks\dequal.js)
<w>  at file dependencies C:\Users\keike\OneDrive\制作物\g\ignitera\.next\server\webpack-runtime.js
<w>  at file C:\Users\keike\OneDrive\制作物\g\ignitera\.next\server\webpack-runtime.js
<w>  at file dependencies C:\Users\keike\OneDrive\制作物\g\ignitera\.next\server\app\page.js
<w>  at file C:\Users\keike\OneDrive\制作物\g\ignitera\.next\server\app\page.js
<w>  at file dependencies C:\Users\keike\OneDrive\制作物\g\ignitera\node_modules\next\dist\server\require.js
<w>  at file C:\Users\keike\OneDrive\制作物\g\ignitera\node_modules\next\dist\server\require.js
<w>  at file dependencies C:\Users\keike\OneDrive\制作物\g\ignitera\node_modules\next\dist\server\load-components.js
<w>  at file C:\Users\keike\OneDrive\制作物\g\ignitera\node_modules\next\dist\server\load-components.js
<w>  at file dependencies C:\Users\keike\OneDrive\制作物\g\ignitera\node_modules\next\dist\build\utils.js
<w>  at file C:\Users\keike\OneDrive\制作物\g\ignitera\node_modules\next\dist\build\utils.js
<w>  at file dependencies C:\Users\keike\OneDrive\制作物\g\ignitera\node_modules\next\dist\build\worker.js
<w>  at file C:\Users\keike\OneDrive\制作物\g\ignitera\node_modules\next\dist\build\worker.js
<w>  at file dependencies C:\Users\keike\OneDrive\制作物\g\ignitera\node_modules\next\dist\build\webpack\loaders\next-route-loader\index.js
<w>  at file C:\Users\keike\OneDrive\制作物\g\ignitera\node_modules\next\dist\build\webpack\loaders\next-route-loader\index.js
<w>  at resolve commonjs C:\Users\keike\OneDrive\制作物\g\ignitera\node_modules\next\dist\build\webpack\loaders\next-route-loader\index.js
<w> [webpack.cache.PackFileCacheStrategy/webpack.FileSystemInfo] Resolving './vendor-chunks/use-sync-external-store' in C:\Users\keike\OneDrive\制作物\g\ignitera\.next\server for build dependencies doesn't lead to expected result 'C:\Users\keike\OneDrive\制作物\g\ignitera\.next\server\vendor-chunks\use-sync-external-store.js', but to 'Error: Can't resolve './vendor-chunks/use-sync-external-store' in 'C:\Users\keike\OneDrive\制作物\g\ignitera\.next\server'' instead. Resolving dependencies are ignored for this path.
<w>  at resolve commonjs file ./vendor-chunks/use-sync-external-store (expected C:\Users\keike\OneDrive\制作物\g\ignitera\.next\server\vendor-chunks\use-sync-external-store.js)
<w>  at file dependencies C:\Users\keike\OneDrive\制作物\g\ignitera\.next\server\webpack-runtime.js
<w>  at file C:\Users\keike\OneDrive\制作物\g\ignitera\.next\server\webpack-runtime.js
<w>  at file dependencies C:\Users\keike\OneDrive\制作物\g\ignitera\.next\server\app\page.js
<w>  at file C:\Users\keike\OneDrive\制作物\g\ignitera\.next\server\app\page.js
<w>  at file dependencies C:\Users\keike\OneDrive\制作物\g\ignitera\node_modules\next\dist\server\require.js
<w>  at file C:\Users\keike\OneDrive\制作物\g\ignitera\node_modules\next\dist\server\require.js
<w>  at file dependencies C:\Users\keike\OneDrive\制作物\g\ignitera\node_modules\next\dist\server\load-components.js
<w>  at file C:\Users\keike\OneDrive\制作物\g\ignitera\node_modules\next\dist\server\load-components.js
<w>  at file dependencies C:\Users\keike\OneDrive\制作物\g\ignitera\node_modules\next\dist\build\utils.js
<w>  at file C:\Users\keike\OneDrive\制作物\g\ignitera\node_modules\next\dist\build\utils.js
<w>  at file dependencies C:\Users\keike\OneDrive\制作物\g\ignitera\node_modules\next\dist\build\worker.js
<w>  at file C:\Users\keike\OneDrive\制作物\g\ignitera\node_modules\next\dist\build\worker.js
<w>  at file dependencies C:\Users\keike\OneDrive\制作物\g\ignitera\node_modules\next\dist\build\webpack\loaders\next-route-loader\index.js
<w>  at file C:\Users\keike\OneDrive\制作物\g\ignitera\node_modules\next\dist\build\webpack\loaders\next-route-loader\index.js
<w>  at resolve commonjs C:\Users\keike\OneDrive\制作物\g\ignitera\node_modules\next\dist\build\webpack\loaders\next-route-loader\index.js
